@[vm_override]
meta def hello : name :=
id_rhs name (name.mk_string "hello" name.anonymous)
hello_override
hello_override
hello
hello
vm_override.lean:25:5: warning: declaration 'native.float‚ÇÅ.mk' uses sorry
vm_override.lean:37:5: warning: declaration 'native.float.mk' uses sorry
vm_override.lean:39:5: warning: declaration 'native.float.rec' uses sorry
vm_override.lean:48:0: warning: declaration 'add' uses sorry
vm_override.lean:53:0: warning: declaration 'div' uses sorry
vm_override.lean:58:0: warning: declaration 'float.pow' uses sorry
vm_override.lean:64:0: warning: declaration 'zero' uses sorry
vm_override.lean:67:0: warning: declaration 'one' uses sorry
1.47059e+06
